
Running 181 tests using 4 workers

[1A[2K[1/181] [chromium] › tests/e2e/auth.spec.ts:55:8 › Authentication Flow › complete registration and login flow
[1A[2K[2/181] [chromium] › tests/e2e/auth.spec.ts:114:8 › Authentication Flow › should redirect to dashboard if already logged in
[1A[2K[3/181] [chromium] › tests/e2e/auth.spec.ts:43:3 › Authentication Flow › should show error for invalid credentials
[1A[2K[4/181] [chromium] › tests/e2e/auth.spec.ts:34:3 › Authentication Flow › should show validation errors for empty form
[1A[2K[5/181] [chromium] › tests/e2e/auth.spec.ts:19:3 › Authentication Flow › should display login page correctly
[1A[2K[6/181] [chromium] › tests/e2e/auth.spec.ts:118:3 › Authentication Flow › should protect dashboard route
[1A[2K[7/181] [chromium] › tests/e2e/auth.spec.ts:131:8 › Authentication Flow › should handle session expiration
[1A[2K[8/181] [chromium] › tests/e2e/auth.spec.ts:198:3 › Dashboard Functionality › should display dashboard correctly
[1A[2K[9/181] [chromium] › tests/e2e/auth.spec.ts:216:3 › Dashboard Functionality › should search bots
[1A[2K[10/181] [chromium] › tests/e2e/auth.spec.ts:231:3 › Dashboard Functionality › should filter bots by category
[1A[2K[11/181] [chromium] › tests/e2e/auth.spec.ts:246:3 › Dashboard Functionality › should navigate to bot chat
[1A[2K[12/181] [chromium] › tests/e2e/auth.spec.ts:258:3 › Dashboard Functionality › should navigate to settings
[1A[2K[13/181] [chromium] › tests/e2e/auth.spec.ts:271:3 › Mobile Responsiveness › should display login page correctly on mobile
[1A[2K[14/181] [chromium] › tests/e2e/auth.spec.ts:286:3 › Mobile Responsiveness › should display dashboard correctly on mobile
[1A[2K[15/181] [chromium] › tests/e2e/auth.spec.ts:323:8 › Accessibility › login page should be accessible
[1A[2K[16/181] [chromium] › tests/e2e/auth.spec.ts:343:3 › Accessibility › should be keyboard navigable
[1A[2K[17/181] [chromium] › tests/e2e/auth.spec.ts:359:3 › Performance › login page should load quickly
[1A[2K[18/181] [chromium] › tests/e2e/auth.spec.ts:369:8 › Performance › dashboard should load quickly
[1A[2K[19/181] [chromium] › tests/e2e/comprehensive.spec.ts:45:3 › Authentication › should load login page
[1A[2K[20/181] [chromium] › tests/e2e/comprehensive.spec.ts:51:3 › Authentication › should login as admin
[1A[2K[21/181] [chromium] › tests/e2e/comprehensive.spec.ts:57:3 › Authentication › should show error with invalid credentials
[1A[2K[22/181] [chromium] › tests/e2e/comprehensive.spec.ts:65:3 › Authentication › should logout successfully
[1A[2K[23/181] [chromium] › tests/e2e/comprehensive.spec.ts:81:3 › Dashboard › should load dashboard
[1A[2K[24/181] [chromium] › tests/e2e/comprehensive.spec.ts:86:3 › Dashboard › should display metrics cards
[1A[2K[25/181] [chromium] › tests/e2e/comprehensive.spec.ts:93:3 › Dashboard › should display charts
[1A[2K[26/181] [chromium] › tests/e2e/comprehensive.spec.ts:110:3 › Admin - Company Settings › should load company settings page
[1A[2K[27/181] [chromium] › tests/e2e/comprehensive.spec.ts:114:3 › Admin - Company Settings › should show 4 tabs
[1A[2K[28/181] [chromium] › tests/e2e/comprehensive.spec.ts:121:3 › Admin - Company Settings › should display company name
[1A[2K[29/181] [chromium] › tests/e2e/comprehensive.spec.ts:125:3 › Admin - Company Settings › should update company name
[1A[2K[30/181] [chromium] › tests/e2e/comprehensive.spec.ts:131:3 › Admin - Company Settings › should switch to compliance tab
[1A[2K[31/181] [chromium] › tests/e2e/comprehensive.spec.ts:136:3 › Admin - Company Settings › should display BBBEE level
[1A[2K[32/181] [chromium] › tests/e2e/comprehensive.spec.ts:152:3 › Admin - User Management › should load user management page
[1A[2K[33/181] [chromium] › tests/e2e/comprehensive.spec.ts:156:3 › Admin - User Management › should display user list
[1A[2K[34/181] [chromium] › tests/e2e/comprehensive.spec.ts:160:3 › Admin - User Management › should display user stats
[1A[2K[35/181] [chromium] › tests/e2e/comprehensive.spec.ts:165:3 › Admin - User Management › should open invite user modal
[1A[2K[36/181] [chromium] › tests/e2e/comprehensive.spec.ts:170:3 › Admin - User Management › should invite new user
[1A[2K[37/181] [chromium] › tests/e2e/comprehensive.spec.ts:178:3 › Admin - User Management › should search users
[1A[2K  1) [chromium] › tests/e2e/comprehensive.spec.ts:125:3 › Admin - Company Settings › should update company name 

    Error: [2mexpect([22m[31mlocator[39m[2m).[22mtoBeVisible[2m([22m[2m)[22m failed

    Locator: locator('[data-testid="success-message"]')
    Expected: visible
    Timeout: 5000ms
    Error: element(s) not found

    Call log:
    [2m  - Expect "toBeVisible" with timeout 5000ms[22m
    [2m  - waiting for locator('[data-testid="success-message"]')[22m


      126 |     await page.fill('input[name="company_name"]', 'TechForge Manufacturing Updated');
      127 |     await page.click('button[type="submit"]');
    > 128 |     await expect(page.locator('[data-testid="success-message"]')).toBeVisible();
          |                                                                   ^
      129 |   });
      130 |
      131 |   test('should switch to compliance tab', async ({ page }) => {
        at /home/ubuntu/repos/Aria---Document-Management-Employee/frontend/tests/e2e/comprehensive.spec.ts:128:67

    attachment #1: screenshot (image/png) ──────────────────────────────────────────────────────────
    test-results/comprehensive-Admin---Comp-4198f--should-update-company-name-chromium/test-failed-1.png
    ────────────────────────────────────────────────────────────────────────────────────────────────

    attachment #2: video (video/webm) ──────────────────────────────────────────────────────────────
    test-results/comprehensive-Admin---Comp-4198f--should-update-company-name-chromium/video.webm
    ────────────────────────────────────────────────────────────────────────────────────────────────

    Error Context: test-results/comprehensive-Admin---Comp-4198f--should-update-company-name-chromium/error-context.md


[1A[2K[38/181] [chromium] › tests/e2e/comprehensive.spec.ts:195:3 › Bot Reports - Dashboard › should load bot dashboard
[1A[2K  2) [chromium] › tests/e2e/comprehensive.spec.ts:160:3 › Admin - User Management › should display user stats 

    Error: [2mexpect([22m[31mlocator[39m[2m).[22mtoContainText[2m([22m[32mexpected[39m[2m)[22m failed

    Locator: locator('[data-testid="stat-total"]')
    Expected pattern: [32m/5/[39m
    Timeout: 5000ms
    Error: element(s) not found

    Call log:
    [2m  - Expect "toContainText" with timeout 5000ms[22m
    [2m  - waiting for locator('[data-testid="stat-total"]')[22m
    [2m    6 × locator resolved to <div data-testid="stat-total" class="text-3xl font-bold mt-2 text-blue-600">0</div>[22m
    [2m      - unexpected value "0"[22m


      159 |
      160 |   test('should display user stats', async ({ page }) => {
    > 161 |     await expect(page.locator('[data-testid="stat-total"]')).toContainText(/5/);
          |                                                              ^
      162 |     await expect(page.locator('[data-testid="stat-active"]')).toBeVisible();
      163 |   });
      164 |
        at /home/ubuntu/repos/Aria---Document-Management-Employee/frontend/tests/e2e/comprehensive.spec.ts:161:62

    attachment #1: screenshot (image/png) ──────────────────────────────────────────────────────────
    test-results/comprehensive-Admin---User-80d9d-t-should-display-user-stats-chromium/test-failed-1.png
    ────────────────────────────────────────────────────────────────────────────────────────────────

    attachment #2: video (video/webm) ──────────────────────────────────────────────────────────────
    test-results/comprehensive-Admin---User-80d9d-t-should-display-user-stats-chromium/video.webm
    ────────────────────────────────────────────────────────────────────────────────────────────────

    Error Context: test-results/comprehensive-Admin---User-80d9d-t-should-display-user-stats-chromium/error-context.md


[1A[2K[39/181] [chromium] › tests/e2e/comprehensive.spec.ts:206:3 › Bot Reports - Dashboard › should display activity chart
[1A[2K[40/181] [chromium] › tests/e2e/comprehensive.spec.ts:199:3 › Bot Reports - Dashboard › should display 4 metric cards
[1A[2K[41/181] [chromium] › tests/e2e/comprehensive.spec.ts:210:3 › Bot Reports - Dashboard › should display recent activities
[1A[2K[42/181] [chromium] › tests/e2e/comprehensive.spec.ts:225:3 › Document Management - Templates › should load templates page
[1A[2K  3) [chromium] › tests/e2e/comprehensive.spec.ts:178:3 › Admin - User Management › should search users 

    Error: [2mexpect([22m[31mlocator[39m[2m).[22mtoContainText[2m([22m[32mexpected[39m[2m)[22m failed

    Locator: locator('[data-testid="user-table"]')
    Expected pattern: [32m/Sarah/i[39m
    Received string:  [31m"Export CSVNo data available"[39m
    Timeout: 5000ms

    Call log:
    [2m  - Expect "toContainText" with timeout 5000ms[22m
    [2m  - waiting for locator('[data-testid="user-table"]')[22m
    [2m    9 × locator resolved to <div data-testid="user-table" class="bg-white rounded-lg shadow">…</div>[22m
    [2m      - unexpected value "Export CSVNo data available"[22m


      179 |     await page.fill('input[name="search"]', 'Sarah');
      180 |     await page.press('input[name="search"]', 'Enter');
    > 181 |     await expect(page.locator('[data-testid="user-table"]')).toContainText(/Sarah/i);
          |                                                              ^
      182 |   });
      183 | });
      184 |
        at /home/ubuntu/repos/Aria---Document-Management-Employee/frontend/tests/e2e/comprehensive.spec.ts:181:62

    attachment #1: screenshot (image/png) ──────────────────────────────────────────────────────────
    test-results/comprehensive-Admin---User-Management-should-search-users-chromium/test-failed-1.png
    ────────────────────────────────────────────────────────────────────────────────────────────────

    attachment #2: video (video/webm) ──────────────────────────────────────────────────────────────
    test-results/comprehensive-Admin---User-Management-should-search-users-chromium/video.webm
    ────────────────────────────────────────────────────────────────────────────────────────────────

    Error Context: test-results/comprehensive-Admin---User-Management-should-search-users-chromium/error-context.md


[1A[2K[43/181] [chromium] › tests/e2e/comprehensive.spec.ts:229:3 › Document Management - Templates › should display 7 categories
[1A[2K[44/181] [chromium] › tests/e2e/comprehensive.spec.ts:236:3 › Document Management - Templates › should search templates
[1A[2K[45/181] [chromium] › tests/e2e/comprehensive.spec.ts:241:3 › Document Management - Templates › should filter by category
[1A[2K[46/181] [chromium] › tests/e2e/comprehensive.spec.ts:246:3 › Document Management - Templates › should click template and navigate to generate
[1A[2K[47/181] [chromium] › tests/e2e/comprehensive.spec.ts:262:3 › Document Management - Generate › should load generate page
[1A[2K[48/181] [chromium] › tests/e2e/comprehensive.spec.ts:266:3 › Document Management - Generate › should select document type
[1A[2K[49/181] [chromium] › tests/e2e/comprehensive.spec.ts:271:3 › Document Management - Generate › should search and select customer
[1A[2K[50/181] [chromium] › tests/e2e/comprehensive.spec.ts:278:3 › Document Management - Generate › should add line item
[1A[2K[51/181] [chromium] › tests/e2e/comprehensive.spec.ts:287:3 › Document Management - Generate › should calculate VAT automatically
[1A[2K[52/181] [chromium] › tests/e2e/comprehensive.spec.ts:298:3 › Document Management - Generate › should preview document
[1A[2K[53/181] [chromium] › tests/e2e/comprehensive.spec.ts:305:3 › Document Management - Generate › should download document
[1A[2K[54/181] [chromium] › tests/e2e/comprehensive.spec.ts:325:3 › Financial Reports - P&L › should load P&L page
[1A[2K[55/181] [chromium] › tests/e2e/comprehensive.spec.ts:329:3 › Financial Reports - P&L › should display period selector
[1A[2K[56/181] [chromium] › tests/e2e/comprehensive.spec.ts:333:3 › Financial Reports - P&L › should display revenue section
[1A[2K[57/181] [chromium] › tests/e2e/comprehensive.spec.ts:338:3 › Financial Reports - P&L › should display cost of sales
[1A[2K[58/181] [chromium] › tests/e2e/comprehensive.spec.ts:342:3 › Financial Reports - P&L › should display operating expenses
[1A[2K[59/181] [chromium] › tests/e2e/comprehensive.spec.ts:346:3 › Financial Reports - P&L › should calculate net profit
[1A[2K[60/181] [chromium] › tests/e2e/comprehensive.spec.ts:351:3 › Financial Reports - P&L › should export to PDF
[1A[2K[61/181] [chromium] › tests/e2e/comprehensive.spec.ts:369:3 › Financial Reports - Balance Sheet › should load balance sheet page
[1A[2K  4) [chromium] › tests/e2e/comprehensive.spec.ts:170:3 › Admin - User Management › should invite new user 

    [31mTest timeout of 30000ms exceeded.[39m

    Error: page.click: Test timeout of 30000ms exceeded.
    Call log:
    [2m  - waiting for locator('[data-testid="button-send-invitation"]')[22m
    [2m    - locator resolved to <button disabled data-testid="button-send-invitation" class="inline-flex items-center justify-center whitespace-nowrap rounded-md text-sm font-medium ring-offset-background transition-colors focus-visible:outline-none focus-visible:ring-2 focus-visible:ring-ring focus-visible:ring-offset-2 disabled:pointer-events-none disabled:opacity-50 bg-primary text-primary-foreground hover:bg-primary/90 h-10 px-4 py-2 bg-blue-600 hover:bg-blue-700 text-white">…</button>[22m
    [2m  - attempting click action[22m
    [2m    2 × waiting for element to be visible, enabled and stable[22m
    [2m      - element is not enabled[22m
    [2m    - retrying click action[22m
    [2m    - waiting 20ms[22m
    [2m    2 × waiting for element to be visible, enabled and stable[22m
    [2m      - element is not enabled[22m
    [2m    - retrying click action[22m
    [2m      - waiting 100ms[22m
    [2m    52 × waiting for element to be visible, enabled and stable[22m
    [2m       - element is not enabled[22m
    [2m     - retrying click action[22m
    [2m       - waiting 500ms[22m


      172 |     await page.fill('input[name="email"]', `newuser${Date.now()}@techforge.co.za`);
      173 |     await page.selectOption('select[name="role"]', 'employee');
    > 174 |     await page.click('[data-testid="button-send-invitation"]');
          |                ^
      175 |     await expect(page.locator('[data-testid="success-message"]')).toBeVisible();
      176 |   });
      177 |
        at /home/ubuntu/repos/Aria---Document-Management-Employee/frontend/tests/e2e/comprehensive.spec.ts:174:16

    attachment #1: screenshot (image/png) ──────────────────────────────────────────────────────────
    test-results/comprehensive-Admin---User-Management-should-invite-new-user-chromium/test-failed-1.png
    ────────────────────────────────────────────────────────────────────────────────────────────────

    attachment #2: video (video/webm) ──────────────────────────────────────────────────────────────
    test-results/comprehensive-Admin---User-Management-should-invite-new-user-chromium/video.webm
    ────────────────────────────────────────────────────────────────────────────────────────────────

    Error Context: test-results/comprehensive-Admin---User-Management-should-invite-new-user-chromium/error-context.md


[1A[2K[62/181] [chromium] › tests/e2e/comprehensive.spec.ts:373:3 › Financial Reports - Balance Sheet › should display assets section
[1A[2K[63/181] [chromium] › tests/e2e/comprehensive.spec.ts:379:3 › Financial Reports - Balance Sheet › should display liabilities section
[1A[2K[64/181] [chromium] › tests/e2e/comprehensive.spec.ts:383:3 › Financial Reports - Balance Sheet › should display equity section
[1A[2K[65/181] [chromium] › tests/e2e/comprehensive.spec.ts:387:3 › Financial Reports - Balance Sheet › should balance (Assets = Liabilities + Equity)
[1A[2K[66/181] [chromium] › tests/e2e/comprehensive.spec.ts:406:3 › Pending Actions › should load pending actions page
[1A[2K[67/181] [chromium] › tests/e2e/comprehensive.spec.ts:410:3 › Pending Actions › should display actions list
[1A[2K[68/181] [chromium] › tests/e2e/comprehensive.spec.ts:414:3 › Pending Actions › should filter by type
[1A[2K[69/181] [chromium] › tests/e2e/comprehensive.spec.ts:419:3 › Pending Actions › should approve action
[1A[2K[70/181] [chromium] › tests/e2e/comprehensive.spec.ts:424:3 › Pending Actions › should reject action
[1A[2K[71/181] [chromium] › tests/e2e/comprehensive.spec.ts:443:3 › Integration Setup › should load integrations page
[1A[2K[72/181] [chromium] › tests/e2e/comprehensive.spec.ts:447:3 › Integration Setup › should display 6 integration cards
[1A[2K[73/181] [chromium] › tests/e2e/comprehensive.spec.ts:453:3 › Integration Setup › should open Xero config modal
[1A[2K[74/181] [chromium] › tests/e2e/comprehensive.spec.ts:458:3 › Integration Setup › should trigger manual sync
[1A[2K[75/181] [chromium] › tests/e2e/comprehensive.spec.ts:469:3 › Responsive Design › should work on mobile (375x667)
[1A[2K  5) [chromium] › tests/e2e/comprehensive.spec.ts:305:3 › Document Management - Generate › should download document 

    [31mTest timeout of 30000ms exceeded.[39m

    Error: page.waitForEvent: Test timeout of 30000ms exceeded.
    =========================== logs ===========================
    waiting for event "download"
    ============================================================

      306 |     await page.selectOption('select[name="document_type"]', 'tax_invoice');
      307 |     await page.fill('input[name="customer_name"]', 'Test Customer');
    > 308 |     const downloadPromise = page.waitForEvent('download');
          |                                  ^
      309 |     await page.click('[data-testid="button-download"]');
      310 |     const download = await downloadPromise;
      311 |     expect(download.suggestedFilename()).toMatch(/\.pdf$/);
        at /home/ubuntu/repos/Aria---Document-Management-Employee/frontend/tests/e2e/comprehensive.spec.ts:308:34

    attachment #1: screenshot (image/png) ──────────────────────────────────────────────────────────
    test-results/comprehensive-Document-Man-bc51b-te-should-download-document-chromium/test-failed-1.png
    ────────────────────────────────────────────────────────────────────────────────────────────────

    attachment #2: video (video/webm) ──────────────────────────────────────────────────────────────
    test-results/comprehensive-Document-Man-bc51b-te-should-download-document-chromium/video.webm
    ────────────────────────────────────────────────────────────────────────────────────────────────

    Error Context: test-results/comprehensive-Document-Man-bc51b-te-should-download-document-chromium/error-context.md


[1A[2K[76/181] [chromium] › tests/e2e/comprehensive.spec.ts:483:3 › Responsive Design › should work on desktop (1920x1080)
[1A[2K[77/181] [chromium] › tests/e2e/comprehensive.spec.ts:476:3 › Responsive Design › should work on tablet (768x1024)
[1A[2K[78/181] [chromium] › tests/e2e/comprehensive.spec.ts:495:1 › test summary
[1A[2K[chromium] › tests/e2e/comprehensive.spec.ts:495:1 › test summary

================================================================================

[1A[2KCOMPREHENSIVE FRONTEND E2E TEST SUITE

[1A[2K================================================================================

[1A[2K
✅ TEST CATEGORIES:

[1A[2K   1. Authentication (10 tests)

[1A[2K   2. Dashboard (15 tests)

[1A[2K   3. Admin - Company Settings (20 tests)

[1A[2K   4. Admin - User Management (25 tests)

[1A[2K   5. Bot Reports - Dashboard (15 tests)

[1A[2K   6. Document Templates (20 tests)

[1A[2K   7. Document Generate (30 tests)

[1A[2K   8. Financial Reports - P&L (20 tests)

[1A[2K   9. Financial Reports - Balance Sheet (15 tests)

[1A[2K  10. Pending Actions (20 tests)

[1A[2K  11. Integration Setup (15 tests)

[1A[2K  12. Responsive Design (10 tests)

[1A[2K
📊 TOTAL: 215 Frontend E2E Tests

[1A[2K================================================================================


[1A[2K[79/181] [chromium] › tests/e2e/documents-askaria.spec.ts:27:3 › Documents Module › should load documents page
[1A[2K  6) [chromium] › tests/e2e/comprehensive.spec.ts:469:3 › Responsive Design › should work on mobile (375x667) 

    Error: [2mexpect([22m[31mlocator[39m[2m).[22mtoBeVisible[2m([22m[2m)[22m failed

    Locator: locator('[data-testid="mobile-menu"]')
    Expected: visible
    Timeout: 5000ms
    Error: element(s) not found

    Call log:
    [2m  - Expect "toBeVisible" with timeout 5000ms[22m
    [2m  - waiting for locator('[data-testid="mobile-menu"]')[22m


      471 |     await login(page, DEMO_USERS.admin.email, DEMO_USERS.admin.password);
      472 |     await page.goto(`${BASE_URL}/dashboard`);
    > 473 |     await expect(page.locator('[data-testid="mobile-menu"]')).toBeVisible();
          |                                                               ^
      474 |   });
      475 |
      476 |   test('should work on tablet (768x1024)', async ({ page }) => {
        at /home/ubuntu/repos/Aria---Document-Management-Employee/frontend/tests/e2e/comprehensive.spec.ts:473:63

    attachment #1: screenshot (image/png) ──────────────────────────────────────────────────────────
    test-results/comprehensive-Responsive-D-ddc65-uld-work-on-mobile-375x667--chromium/test-failed-1.png
    ────────────────────────────────────────────────────────────────────────────────────────────────

    attachment #2: video (video/webm) ──────────────────────────────────────────────────────────────
    test-results/comprehensive-Responsive-D-ddc65-uld-work-on-mobile-375x667--chromium/video.webm
    ────────────────────────────────────────────────────────────────────────────────────────────────

    Error Context: test-results/comprehensive-Responsive-D-ddc65-uld-work-on-mobile-375x667--chromium/error-context.md


[1A[2K[80/181] [chromium] › tests/e2e/documents-askaria.spec.ts:31:3 › Documents Module › should display documents list or grid
[1A[2K  7) [chromium] › tests/e2e/comprehensive.spec.ts:483:3 › Responsive Design › should work on desktop (1920x1080) 

    Error: [2mexpect([22m[31mlocator[39m[2m).[22mtoBeVisible[2m([22m[2m)[22m failed

    Locator: locator('[data-testid="sidebar"]')
    Expected: visible
    Timeout: 5000ms
    Error: element(s) not found

    Call log:
    [2m  - Expect "toBeVisible" with timeout 5000ms[22m
    [2m  - waiting for locator('[data-testid="sidebar"]')[22m


      485 |     await login(page, DEMO_USERS.admin.email, DEMO_USERS.admin.password);
      486 |     await page.goto(`${BASE_URL}/dashboard`);
    > 487 |     await expect(page.locator('[data-testid="sidebar"]')).toBeVisible();
          |                                                           ^
      488 |   });
      489 | });
      490 |
        at /home/ubuntu/repos/Aria---Document-Management-Employee/frontend/tests/e2e/comprehensive.spec.ts:487:59

    attachment #1: screenshot (image/png) ──────────────────────────────────────────────────────────
    test-results/comprehensive-Responsive-D-a1900--work-on-desktop-1920x1080--chromium/test-failed-1.png
    ────────────────────────────────────────────────────────────────────────────────────────────────

    attachment #2: video (video/webm) ──────────────────────────────────────────────────────────────
    test-results/comprehensive-Responsive-D-a1900--work-on-desktop-1920x1080--chromium/video.webm
    ────────────────────────────────────────────────────────────────────────────────────────────────

    Error Context: test-results/comprehensive-Responsive-D-a1900--work-on-desktop-1920x1080--chromium/error-context.md


[1A[2K[81/181] [chromium] › tests/e2e/documents-askaria.spec.ts:48:3 › Documents Module › should search documents
[1A[2K[82/181] [chromium] › tests/e2e/documents-askaria.spec.ts:41:3 › Documents Module › should have upload button
[1A[2K  8) [chromium] › tests/e2e/comprehensive.spec.ts:351:3 › Financial Reports - P&L › should export to PDF 

    [31mTest timeout of 30000ms exceeded.[39m

    Error: page.waitForEvent: Test timeout of 30000ms exceeded.
    =========================== logs ===========================
    waiting for event "download"
    ============================================================

      350 |
      351 |   test('should export to PDF', async ({ page }) => {
    > 352 |     const downloadPromise = page.waitForEvent('download');
          |                                  ^
      353 |     await page.click('[data-testid="button-export-pdf"]');
      354 |     const download = await downloadPromise;
      355 |     expect(download.suggestedFilename()).toMatch(/profit.*loss.*\.pdf$/i);
        at /home/ubuntu/repos/Aria---Document-Management-Employee/frontend/tests/e2e/comprehensive.spec.ts:352:34

    attachment #1: screenshot (image/png) ──────────────────────────────────────────────────────────
    test-results/comprehensive-Financial-Reports---P-L-should-export-to-PDF-chromium/test-failed-1.png
    ────────────────────────────────────────────────────────────────────────────────────────────────

    attachment #2: video (video/webm) ──────────────────────────────────────────────────────────────
    test-results/comprehensive-Financial-Reports---P-L-should-export-to-PDF-chromium/video.webm
    ────────────────────────────────────────────────────────────────────────────────────────────────

    Error Context: test-results/comprehensive-Financial-Reports---P-L-should-export-to-PDF-chromium/error-context.md


[1A[2K[83/181] [chromium] › tests/e2e/documents-askaria.spec.ts:56:3 › Documents Module › should filter documents by type
[1A[2K[84/181] [chromium] › tests/e2e/documents-askaria.spec.ts:64:3 › Documents Module › should handle documents API response
[1A[2K[85/181] [chromium] › tests/e2e/documents-askaria.spec.ts:86:3 › Ask Aria AI Module › should load Ask Aria page
[1A[2K[86/181] [chromium] › tests/e2e/documents-askaria.spec.ts:90:3 › Ask Aria AI Module › should display chat interface
[1A[2K[87/181] [chromium] › tests/e2e/documents-askaria.spec.ts:95:3 › Ask Aria AI Module › should have send button
[1A[2K[88/181] [chromium] › tests/e2e/documents-askaria.spec.ts:100:3 › Ask Aria AI Module › should send message
[1A[2K[89/181] [chromium] › tests/e2e/documents-askaria.spec.ts:114:3 › Ask Aria AI Module › should display quick actions or suggestions
[1A[2K[90/181] [chromium] › tests/e2e/documents-askaria.spec.ts:121:3 › Ask Aria AI Module › should handle Ask Aria API response
[1A[2K[chromium] › tests/e2e/documents-askaria.spec.ts:64:3 › Documents Module › should handle documents API response
Documents API response not captured

[1A[2K[91/181] [chromium] › tests/e2e/documents-askaria.spec.ts:142:3 › Ask Aria AI Module › should display chat history
[1A[2K[92/181] [chromium] › tests/e2e/documents-askaria.spec.ts:169:3 › Dashboard › should load dashboard
[1A[2K[93/181] [chromium] › tests/e2e/documents-askaria.spec.ts:173:3 › Dashboard › should display metrics or stats cards
[1A[2K[94/181] [chromium] › tests/e2e/documents-askaria.spec.ts:180:3 › Dashboard › should have navigation to modules
[1A[2K[95/181] [chromium] › tests/e2e/documents-askaria.spec.ts:187:3 › Authentication Flow › should redirect to login when not authenticated
[1A[2K[96/181] [chromium] › tests/e2e/documents-askaria.spec.ts:204:3 › Authentication Flow › should login successfully
[1A[2K[chromium] › tests/e2e/documents-askaria.spec.ts:121:3 › Ask Aria AI Module › should handle Ask Aria API response
Ask Aria API response not captured

[1A[2K[97/181] [chromium] › tests/e2e/documents-askaria.spec.ts:215:3 › Authentication Flow › should show error for invalid credentials
[1A[2K[98/181] [chromium] › tests/e2e/documents-askaria.spec.ts:230:3 › Authentication Flow › should logout successfully
[1A[2K[99/181] [chromium] › tests/e2e/documents-askaria.spec.ts:246:3 › Responsive Design › should work on mobile viewport
[1A[2K[100/181] [chromium] › tests/e2e/documents-askaria.spec.ts:257:3 › Responsive Design › should work on tablet viewport
[1A[2K[101/181] [chromium] › tests/e2e/documents-askaria.spec.ts:268:3 › Responsive Design › should work on desktop viewport
[1A[2K[102/181] [chromium] › tests/e2e/documents-askaria.spec.ts:281:3 › Accessibility › should have proper page titles
[1A[2K[103/181] [chromium] › tests/e2e/documents-askaria.spec.ts:289:3 › Accessibility › should be keyboard navigable
[1A[2K[104/181] [chromium] › tests/e2e/erp-modules.spec.ts:27:3 › General Ledger Module › should load general ledger page
[1A[2K[105/181] [chromium] › tests/e2e/erp-modules.spec.ts:31:3 › General Ledger Module › should display chart of accounts
[1A[2K[106/181] [chromium] › tests/e2e/erp-modules.spec.ts:38:3 › General Ledger Module › should display account categories
[1A[2K[107/181] [chromium] › tests/e2e/erp-modules.spec.ts:45:3 › General Ledger Module › should search accounts
[1A[2K[108/181] [chromium] › tests/e2e/erp-modules.spec.ts:53:3 › General Ledger Module › should handle GL API response
[1A[2K[109/181] [chromium] › tests/e2e/erp-modules.spec.ts:75:3 › Banking Module › should load banking page
[1A[2K[110/181] [chromium] › tests/e2e/erp-modules.spec.ts:79:3 › Banking Module › should display banking dashboard or accounts list
[1A[2K[111/181] [chromium] › tests/e2e/erp-modules.spec.ts:85:3 › Banking Module › should show bank account cards or table
[1A[2K[112/181] [chromium] › tests/e2e/erp-modules.spec.ts:92:3 › Banking Module › should handle banking API response
[1A[2K[113/181] [chromium] › tests/e2e/erp-modules.spec.ts:112:3 › Procure-to-Pay Module › should load purchase orders page
[1A[2K[114/181] [chromium] › tests/e2e/erp-modules.spec.ts:119:3 › Procure-to-Pay Module › should display purchase orders list
[1A[2K[chromium] › tests/e2e/erp-modules.spec.ts:53:3 › General Ledger Module › should handle GL API response
GL API not available yet

[1A[2K[115/181] [chromium] › tests/e2e/erp-modules.spec.ts:129:3 › Procure-to-Pay Module › should open create purchase order form
[1A[2K[116/181] [chromium] › tests/e2e/erp-modules.spec.ts:139:3 › Procure-to-Pay Module › should load goods receipt notes page
[1A[2K[117/181] [chromium] › tests/e2e/erp-modules.spec.ts:146:3 › Procure-to-Pay Module › should load AP invoices page
[1A[2K[118/181] [chromium] › tests/e2e/erp-modules.spec.ts:159:3 › Order-to-Cash Module › should load sales orders page
[1A[2K[chromium] › tests/e2e/erp-modules.spec.ts:92:3 › Banking Module › should handle banking API response
Banking API not available yet

[1A[2K[119/181] [chromium] › tests/e2e/erp-modules.spec.ts:166:3 › Order-to-Cash Module › should display sales orders list
[1A[2K[120/181] [chromium] › tests/e2e/erp-modules.spec.ts:176:3 › Order-to-Cash Module › should load deliveries page
[1A[2K[121/181] [chromium] › tests/e2e/erp-modules.spec.ts:183:3 › Order-to-Cash Module › should load AR invoices page
[1A[2K[122/181] [chromium] › tests/e2e/erp-modules.spec.ts:190:3 › Order-to-Cash Module › should load quotes page
[1A[2K[123/181] [chromium] › tests/e2e/erp-modules.spec.ts:203:3 › Navigation and Routing › should navigate between ERP modules
[1A[2K[124/181] [chromium] › tests/e2e/erp-modules.spec.ts:217:3 › Navigation and Routing › should have working navigation menu
[1A[2K[125/181] [chromium] › tests/e2e/erp-modules.spec.ts:224:3 › Navigation and Routing › should display user menu
[1A[2K[126/181] [chromium] › tests/e2e/erp-modules.spec.ts:239:3 › Error Handling › should handle 404 pages gracefully
[1A[2K[127/181] [chromium] › tests/e2e/erp-modules.spec.ts:248:3 › Error Handling › should handle API errors gracefully
[1A[2K[128/181] [chromium] › tests/e2e/erp-modules.spec.ts:269:3 › Performance › pages should load within acceptable time
[1A[2K[129/181] [chromium] › tests/e2e/master-data.spec.ts:27:3 › Customers Module › should load customers page
[1A[2K  9) [chromium] › tests/e2e/erp-modules.spec.ts:239:3 › Error Handling › should handle 404 pages gracefully 

    Error: [2mexpect([22m[31mreceived[39m[2m).[22mtoBeTruthy[2m()[22m

    Received: [31mfalse[39m

      243 |     const isDashboard = page.url().includes('dashboard');
      244 |     
    > 245 |     expect(is404 || isDashboard).toBeTruthy();
          |                                  ^
      246 |   });
      247 |
      248 |   test('should handle API errors gracefully', async ({ page }) => {
        at /home/ubuntu/repos/Aria---Document-Management-Employee/frontend/tests/e2e/erp-modules.spec.ts:245:34

    attachment #1: screenshot (image/png) ──────────────────────────────────────────────────────────
    test-results/erp-modules-Error-Handling-9f7f0-handle-404-pages-gracefully-chromium/test-failed-1.png
    ────────────────────────────────────────────────────────────────────────────────────────────────

    attachment #2: video (video/webm) ──────────────────────────────────────────────────────────────
    test-results/erp-modules-Error-Handling-9f7f0-handle-404-pages-gracefully-chromium/video.webm
    ────────────────────────────────────────────────────────────────────────────────────────────────

    Error Context: test-results/erp-modules-Error-Handling-9f7f0-handle-404-pages-gracefully-chromium/error-context.md


[1A[2K[130/181] [chromium] › tests/e2e/master-data.spec.ts:31:3 › Customers Module › should display customers table
[1A[2K[131/181] [chromium] › tests/e2e/master-data.spec.ts:38:3 › Customers Module › should display search box
[1A[2K  10) [chromium] › tests/e2e/erp-modules.spec.ts:248:3 › Error Handling › should handle API errors gracefully 

    Error: [2mexpect([22m[31mreceived[39m[2m).[22mtoBeTruthy[2m()[22m

    Received: [31mfalse[39m

      262 |     const hasEmptyState = await page.locator('text=/no.*found|no data/i').isVisible().catch(() => false);
      263 |     
    > 264 |     expect(hasError || hasEmptyState).toBeTruthy();
          |                                       ^
      265 |   });
      266 | });
      267 |
        at /home/ubuntu/repos/Aria---Document-Management-Employee/frontend/tests/e2e/erp-modules.spec.ts:264:39

    attachment #1: screenshot (image/png) ──────────────────────────────────────────────────────────
    test-results/erp-modules-Error-Handling-64066-andle-API-errors-gracefully-chromium/test-failed-1.png
    ────────────────────────────────────────────────────────────────────────────────────────────────

    attachment #2: video (video/webm) ──────────────────────────────────────────────────────────────
    test-results/erp-modules-Error-Handling-64066-andle-API-errors-gracefully-chromium/video.webm
    ────────────────────────────────────────────────────────────────────────────────────────────────

    Error Context: test-results/erp-modules-Error-Handling-64066-andle-API-errors-gracefully-chromium/error-context.md


[1A[2K[132/181] [chromium] › tests/e2e/master-data.spec.ts:43:3 › Customers Module › should search customers
[1A[2K[133/181] [chromium] › tests/e2e/master-data.spec.ts:52:3 › Customers Module › should open add customer modal
[1A[2K[134/181] [chromium] › tests/e2e/master-data.spec.ts:59:3 › Customers Module › should create new customer
[1A[2K[135/181] [chromium] › tests/e2e/master-data.spec.ts:77:3 › Customers Module › should edit customer
[1A[2K[136/181] [chromium] › tests/e2e/master-data.spec.ts:92:3 › Customers Module › should delete customer
[1A[2K[137/181] [chromium] › tests/e2e/master-data.spec.ts:102:3 › Customers Module › should handle pagination metadata
[1A[2K[138/181] [chromium] › tests/e2e/master-data.spec.ts:125:3 › Suppliers Module › should load suppliers page
[1A[2K[139/181] [chromium] › tests/e2e/master-data.spec.ts:129:3 › Suppliers Module › should display suppliers table
[1A[2K[140/181] [chromium] › tests/e2e/master-data.spec.ts:135:3 › Suppliers Module › should search suppliers
[1A[2K[141/181] [chromium] › tests/e2e/master-data.spec.ts:144:3 › Suppliers Module › should open add supplier modal
[1A[2K[142/181] [chromium] › tests/e2e/master-data.spec.ts:151:3 › Suppliers Module › should create new supplier
[1A[2K[143/181] [chromium] › tests/e2e/master-data.spec.ts:167:3 › Suppliers Module › should edit supplier
[1A[2K[144/181] [chromium] › tests/e2e/master-data.spec.ts:182:3 › Suppliers Module › should delete supplier
[1A[2K[145/181] [chromium] › tests/e2e/master-data.spec.ts:192:3 › Suppliers Module › should handle pagination metadata
[1A[2K[146/181] [chromium] › tests/e2e/master-data.spec.ts:215:3 › Products Module › should load products page
[1A[2K[147/181] [chromium] › tests/e2e/master-data.spec.ts:219:3 › Products Module › should display products table or grid
[1A[2K[148/181] [chromium] › tests/e2e/master-data.spec.ts:226:3 › Products Module › should search products
[1A[2K[149/181] [chromium] › tests/e2e/master-data.spec.ts:232:3 › Products Module › should open add product form
[1A[2K[150/181] [chromium] › tests/e2e/master-data.spec.ts:239:3 › Products Module › should create new product
[1A[2K[151/181] [chromium] › tests/e2e/master-data.spec.ts:255:3 › Products Module › should handle pagination metadata
[1A[2K[152/181] [chromium] › tests/e2e/master-data.spec.ts:272:3 › API Response Format › customers API should return paginated response
[1A[2K  11) [chromium] › tests/e2e/master-data.spec.ts:102:3 › Customers Module › should handle pagination metadata 

    [31mTest timeout of 30000ms exceeded.[39m

    Error: page.waitForResponse: Test timeout of 30000ms exceeded.

      101 |
      102 |   test('should handle pagination metadata', async ({ page }) => {
    > 103 |     const response = await page.waitForResponse(
          |                                 ^
      104 |       response => response.url().includes('/api/erp/master-data/customers') && response.status() === 200
      105 |     );
      106 |     
        at /home/ubuntu/repos/Aria---Document-Management-Employee/frontend/tests/e2e/master-data.spec.ts:103:33

    attachment #1: screenshot (image/png) ──────────────────────────────────────────────────────────
    test-results/master-data-Customers-Modu-8c388--handle-pagination-metadata-chromium/test-failed-1.png
    ────────────────────────────────────────────────────────────────────────────────────────────────

    attachment #2: video (video/webm) ──────────────────────────────────────────────────────────────
    test-results/master-data-Customers-Modu-8c388--handle-pagination-metadata-chromium/video.webm
    ────────────────────────────────────────────────────────────────────────────────────────────────

    Error Context: test-results/master-data-Customers-Modu-8c388--handle-pagination-metadata-chromium/error-context.md


[1A[2K[153/181] [chromium] › tests/e2e/master-data.spec.ts:291:3 › API Response Format › suppliers API should return paginated response
[1A[2K[154/181] [chromium] › tests/e2e/master-data.spec.ts:310:3 › API Response Format › products API should return paginated response
[1A[2K[155/181] [chromium] › tests/e2e/mobile.spec.ts:82:3 › Mobile Management Page › should display mobile management page
[1A[2K[156/181] [chromium] › tests/e2e/mobile.spec.ts:90:3 › Mobile Management Page › should display device statistics
[1A[2K[157/181] [chromium] › tests/e2e/mobile.spec.ts:105:3 › Mobile Management Page › should open device registration dialog
[1A[2K[158/181] [chromium] › tests/e2e/mobile.spec.ts:114:3 › Mobile Management Page › should register a new device
[1A[2K[159/181] [chromium] › tests/e2e/mobile.spec.ts:153:3 › Mobile Management Page › should display device list
[1A[2K  12) [chromium] › tests/e2e/master-data.spec.ts:192:3 › Suppliers Module › should handle pagination metadata 

    [31mTest timeout of 30000ms exceeded.[39m

    Error: page.waitForResponse: Test timeout of 30000ms exceeded.

      191 |
      192 |   test('should handle pagination metadata', async ({ page }) => {
    > 193 |     const response = await page.waitForResponse(
          |                                 ^
      194 |       response => response.url().includes('/api/erp/master-data/suppliers') && response.status() === 200
      195 |     );
      196 |     
        at /home/ubuntu/repos/Aria---Document-Management-Employee/frontend/tests/e2e/master-data.spec.ts:193:33

    attachment #1: screenshot (image/png) ──────────────────────────────────────────────────────────
    test-results/master-data-Suppliers-Modu-bbaf1--handle-pagination-metadata-chromium/test-failed-1.png
    ────────────────────────────────────────────────────────────────────────────────────────────────

    attachment #2: video (video/webm) ──────────────────────────────────────────────────────────────
    test-results/master-data-Suppliers-Modu-bbaf1--handle-pagination-metadata-chromium/video.webm
    ────────────────────────────────────────────────────────────────────────────────────────────────

    Error Context: test-results/master-data-Suppliers-Modu-bbaf1--handle-pagination-metadata-chromium/error-context.md


[1A[2K[160/181] [chromium] › tests/e2e/mobile.spec.ts:164:3 › Mobile Management Page › should toggle sync settings
[1A[2K[161/181] [chromium] › tests/e2e/mobile.spec.ts:191:3 › Mobile Management Page › should display sync monitor
[1A[2K[162/181] [chromium] › tests/e2e/mobile.spec.ts:228:3 › Mobile Management Page › should start manual sync
[1A[2K[163/181] [chromium] › tests/e2e/mobile.spec.ts:258:3 › Mobile Management Page › should display offline documents
[1A[2K[164/181] [chromium] › tests/e2e/mobile.spec.ts:294:3 › Mobile Management Page › should queue document for offline
[1A[2K  13) [chromium] › tests/e2e/master-data.spec.ts:255:3 › Products Module › should handle pagination metadata 

    [31mTest timeout of 30000ms exceeded.[39m

    Error: page.waitForResponse: Test timeout of 30000ms exceeded.

      254 |
      255 |   test('should handle pagination metadata', async ({ page }) => {
    > 256 |     const response = await page.waitForResponse(
          |                                 ^
      257 |       response => response.url().includes('/api/erp/order-to-cash/products') && response.status() === 200
      258 |     );
      259 |     
        at /home/ubuntu/repos/Aria---Document-Management-Employee/frontend/tests/e2e/master-data.spec.ts:256:33

    attachment #1: screenshot (image/png) ──────────────────────────────────────────────────────────
    test-results/master-data-Products-Modul-3467d--handle-pagination-metadata-chromium/test-failed-1.png
    ────────────────────────────────────────────────────────────────────────────────────────────────

    attachment #2: video (video/webm) ──────────────────────────────────────────────────────────────
    test-results/master-data-Products-Modul-3467d--handle-pagination-metadata-chromium/video.webm
    ────────────────────────────────────────────────────────────────────────────────────────────────

    Error Context: test-results/master-data-Products-Modul-3467d--handle-pagination-metadata-chromium/error-context.md


[1A[2K[165/181] [chromium] › tests/e2e/mobile.spec.ts:324:3 › Mobile Management Page › should display mobile analytics
[1A[2K[166/181] [chromium] › tests/e2e/mobile.spec.ts:356:3 › Mobile Management Page › should handle responsive layout
[1A[2K  14) [chromium] › tests/e2e/mobile.spec.ts:258:3 › Mobile Management Page › should display offline documents 

    Error: [2mexpect([22m[31mlocator[39m[2m).[22mtoContainText[2m([22m[32mexpected[39m[2m)[22m failed

    Locator: locator('[data-testid="download-status"]')
    Expected substring: [32m"[7mComplet[27med"[39m
    Received string:    [31m"[7mDownload[27med"[39m
    Timeout: 5000ms

    Call log:
    [2m  - Expect "toContainText" with timeout 5000ms[22m
    [2m  - waiting for locator('[data-testid="download-status"]')[22m
    [2m    9 × locator resolved to <span data-testid="download-status" class="text-xs px-2 py-1 bg-green-100 text-green-800 rounded">Downloaded</span>[22m
    [2m      - unexpected value "Downloaded"[22m


      288 |     // Check offline document details
      289 |     await expect(page.locator('[data-testid="offline-document"]')).toHaveCount(1)
    > 290 |     await expect(page.locator('[data-testid="download-status"]')).toContainText('Completed')
          |                                                                   ^
      291 |     await expect(page.locator('[data-testid="file-size"]')).toContainText('1 KB')
      292 |   })
      293 |
        at /home/ubuntu/repos/Aria---Document-Management-Employee/frontend/tests/e2e/mobile.spec.ts:290:67

    attachment #1: screenshot (image/png) ──────────────────────────────────────────────────────────
    test-results/mobile-Mobile-Management-P-3f853-d-display-offline-documents-chromium/test-failed-1.png
    ────────────────────────────────────────────────────────────────────────────────────────────────

    attachment #2: video (video/webm) ──────────────────────────────────────────────────────────────
    test-results/mobile-Mobile-Management-P-3f853-d-display-offline-documents-chromium/video.webm
    ────────────────────────────────────────────────────────────────────────────────────────────────

    Error Context: test-results/mobile-Mobile-Management-P-3f853-d-display-offline-documents-chromium/error-context.md


[1A[2K[167/181] [chromium] › tests/e2e/mobile.spec.ts:381:3 › Mobile Management Page › should handle error states
[1A[2K[168/181] [chromium] › tests/e2e/mobile.spec.ts:402:3 › Mobile Management Page › should refresh data
[1A[2K[169/181] [chromium] › tests/e2e/smoke-basic.spec.ts:10:3 › Basic Smoke Tests › homepage should load
[1A[2K[170/181] [chromium] › tests/e2e/smoke-basic.spec.ts:21:3 › Basic Smoke Tests › login page should load
[1A[2K[171/181] [chromium] › tests/e2e/smoke-basic.spec.ts:34:3 › Basic Smoke Tests › should handle 404 gracefully
[1A[2K[172/181] [chromium] › tests/e2e/smoke-basic.spec.ts:42:3 › Basic Smoke Tests › frontend assets should load
[1A[2K[173/181] [chromium] › tests/e2e/smoke-basic.spec.ts:51:3 › Basic Smoke Tests › should be responsive
[1A[2K[174/181] [chromium] › tests/e2e/smoke-basic.spec.ts:66:3 › Basic Smoke Tests › should have proper meta tags
[1A[2K[175/181] [chromium] › tests/e2e/smoke-basic.spec.ts:73:3 › Basic Smoke Tests › backend health endpoint should respond
[1A[2K[176/181] [chromium] › tests/e2e/smoke-basic.spec.ts:85:3 › Basic Smoke Tests › should load without console errors
[1A[2K[chromium] › tests/e2e/smoke-basic.spec.ts:73:3 › Basic Smoke Tests › backend health endpoint should respond
Backend health check skipped

[1A[2K[177/181] [chromium] › tests/e2e/smoke-basic.spec.ts:100:3 › Basic Smoke Tests › should load within acceptable time
[1A[2K[178/181] [chromium] › tests/e2e/smoke-basic.spec.ts:109:3 › Basic Smoke Tests › navigation should exist
[1A[2K[179/181] [chromium] › tests/e2e/smoke-basic.spec.ts:121:3 › API Response Format Tests › should handle API errors gracefully
[1A[2K  15) [chromium] › tests/e2e/mobile.spec.ts:114:3 › Mobile Management Page › should register a new device 

    [31mTest timeout of 30000ms exceeded.[39m

    Error: page.fill: Test timeout of 30000ms exceeded.
    Call log:
    [2m  - waiting for locator('input[name="platform_version"]')[22m


      141 |     await page.fill('input[name="device_name"]', 'New Test Device')
      142 |     await page.selectOption('select[name="device_type"]', 'android')
    > 143 |     await page.fill('input[name="platform_version"]', 'Android 13')
          |                ^
      144 |     
      145 |     // Submit registration
      146 |     await page.click('button:has-text("Register")')
        at /home/ubuntu/repos/Aria---Document-Management-Employee/frontend/tests/e2e/mobile.spec.ts:143:16

    attachment #1: screenshot (image/png) ──────────────────────────────────────────────────────────
    test-results/mobile-Mobile-Management-Page-should-register-a-new-device-chromium/test-failed-1.png
    ────────────────────────────────────────────────────────────────────────────────────────────────

    attachment #2: video (video/webm) ──────────────────────────────────────────────────────────────
    test-results/mobile-Mobile-Management-Page-should-register-a-new-device-chromium/video.webm
    ────────────────────────────────────────────────────────────────────────────────────────────────

    Error Context: test-results/mobile-Mobile-Management-Page-should-register-a-new-device-chromium/error-context.md


[1A[2K  16) [chromium] › tests/e2e/mobile.spec.ts:381:3 › Mobile Management Page › should handle error states 

    Error: [2mexpect([22m[31mlocator[39m[2m).[22mtoBeVisible[2m([22m[2m)[22m failed

    Locator: locator('[data-testid="error-message"]')
    Expected: visible
    Timeout: 5000ms
    Error: element(s) not found

    Call log:
    [2m  - Expect "toBeVisible" with timeout 5000ms[22m
    [2m  - waiting for locator('[data-testid="error-message"]')[22m


      396 |     
      397 |     // Check error message is displayed
    > 398 |     await expect(page.locator('[data-testid="error-message"]')).toBeVisible()
          |                                                                 ^
      399 |     await expect(page.locator('[data-testid="error-message"]')).toContainText('Error loading mobile data')
      400 |   })
      401 |
        at /home/ubuntu/repos/Aria---Document-Management-Employee/frontend/tests/e2e/mobile.spec.ts:398:65

    attachment #1: screenshot (image/png) ──────────────────────────────────────────────────────────
    test-results/mobile-Mobile-Management-Page-should-handle-error-states-chromium/test-failed-1.png
    ────────────────────────────────────────────────────────────────────────────────────────────────

    attachment #2: video (video/webm) ──────────────────────────────────────────────────────────────
    test-results/mobile-Mobile-Management-Page-should-handle-error-states-chromium/video.webm
    ────────────────────────────────────────────────────────────────────────────────────────────────

    Error Context: test-results/mobile-Mobile-Management-Page-should-handle-error-states-chromium/error-context.md


[1A[2K[180/181] [chromium] › tests/e2e/smoke-basic.spec.ts:138:3 › API Response Format Tests › should handle slow API responses
[1A[2K[181/181] [chromium] › tests/e2e/smoke.spec.ts:5:1 › homepage loads successfully
[1A[2K  16 failed
    [chromium] › tests/e2e/comprehensive.spec.ts:125:3 › Admin - Company Settings › should update company name 
    [chromium] › tests/e2e/comprehensive.spec.ts:160:3 › Admin - User Management › should display user stats 
    [chromium] › tests/e2e/comprehensive.spec.ts:170:3 › Admin - User Management › should invite new user 
    [chromium] › tests/e2e/comprehensive.spec.ts:178:3 › Admin - User Management › should search users 
    [chromium] › tests/e2e/comprehensive.spec.ts:305:3 › Document Management - Generate › should download document 
    [chromium] › tests/e2e/comprehensive.spec.ts:351:3 › Financial Reports - P&L › should export to PDF 
    [chromium] › tests/e2e/comprehensive.spec.ts:469:3 › Responsive Design › should work on mobile (375x667) 
    [chromium] › tests/e2e/comprehensive.spec.ts:483:3 › Responsive Design › should work on desktop (1920x1080) 
    [chromium] › tests/e2e/erp-modules.spec.ts:239:3 › Error Handling › should handle 404 pages gracefully 
    [chromium] › tests/e2e/erp-modules.spec.ts:248:3 › Error Handling › should handle API errors gracefully 
    [chromium] › tests/e2e/master-data.spec.ts:102:3 › Customers Module › should handle pagination metadata 
    [chromium] › tests/e2e/master-data.spec.ts:192:3 › Suppliers Module › should handle pagination metadata 
    [chromium] › tests/e2e/master-data.spec.ts:255:3 › Products Module › should handle pagination metadata 
    [chromium] › tests/e2e/mobile.spec.ts:114:3 › Mobile Management Page › should register a new device 
    [chromium] › tests/e2e/mobile.spec.ts:258:3 › Mobile Management Page › should display offline documents 
    [chromium] › tests/e2e/mobile.spec.ts:381:3 › Mobile Management Page › should handle error states 
  12 skipped
  153 passed (3.6m)
